gavrasm Gerd's AVR assembler version 3.4 (C)2014 by DG4FAC
----------------------------------------------------------
Source file: blink.asm
Hex file:    blink.hex
Eeprom file: blink.eep
Compiled:    31.12.2015, 19:29:51
Pass:        2
     1: .DEVICE attiny13
     2: 
     3: .CSEG
     4: .ORG 0x0000
     5: 000000   C00E  rjmp	RESET_vect	; Reset vector
     6: 000001   9518  reti		; INT0 vector
     7: 000002   9518  reti		; PCINT0 vector
     8: 000003   9518  reti		; TIMER1_COMPA vector
     9: 000004   9518  reti		; TIMER1_OVF vector
    10: 000005   9518  reti		; TIMER0_OVF vector
    11: 000006   9518  reti		; EE_RDY vector
    12: 000007   9518  reti		; ANA_COMP vector
    13: 000008   9518  reti		; ADC vector
    14: 000009   9518  reti		; TIMER1_COMPB vector
    15: 00000A   9518  reti		; TIMER0_COMPA vector
    16: 00000B   9518  reti		; TIMER0_COMPB vector
    17: 00000C   9518  reti		; WDT vector
    18: 00000D   9518  reti		; USI_START vector
    19: 00000E   9518  reti		; USI_OVF vector
    20: 
    21: RESET_vect:
    22: 00000F   9ABC  sbi	DDRB, PB4
    23: 
    24: end:
    25: 000010   9AB4  sbi	PINB, PB4
    26: 000011   D001  rcall	delay
    27: 000012   CFFD  rjmp	end
    28: 
    29: delay: ; R16*(3+40000) = 0.005 - 1.275 seconds 
    30: 000013   930F  push	R16
    31: 000014   931F  push	R17
    32: 000015   932F  push	R18
    33: 000016   E104  ldi	R16, 20 ; 0.1 seconds
    34: delay_R16:
    35: 000017   E312  ldi     R17, 50 
    36: delay_R17: ; 50(4+796)=40,000 cycles = 0.005 seconds 
    37: 000018   EC27  ldi     R18, 199 
    38: delay_R18: ; 796 cycles = 0.0000995 seconds 
    39: 000019   952A  dec     R18 
    40: 00001A   0000  nop 
    41: 00001B   F7E9  brne    delay_R18
    42: 00001C   0000  nop 
    43: 00001D   951A  dec     R17 
    44: 00001E   F7C9  brne    delay_R17
    45: 00001F   0000  nop 
    46: 000020   950A  dec     R16 
    47: 000021   F7A9  brne    delay_R16
    48: 000022   912F  pop	R18
    49: 000023   911F  pop	R17
    50: 000024   910F  pop	R16
    51: 000025   9508  ret 

Program             :       38 words.
Constants           :        0 words.
Total program memory:       38 words.
Eeprom space        :        0 bytes.
Data segment        :        0 bytes.
Compilation completed, no errors.
Compilation endet 31.12.2015, 19:29:51
